// Jest Snapshot v1, https://goo.gl/fbAQLP

exports[`renders list item with custom description 1`] = `
<View
  accessible={true}
  focusable={false}
  isTVSelectable={true}
  onClick={[Function]}
  onResponderGrant={[Function]}
  onResponderMove={[Function]}
  onResponderRelease={[Function]}
  onResponderTerminate={[Function]}
  onResponderTerminationRequest={[Function]}
  onStartShouldSetResponder={[Function]}
  style={
    Array [
      false,
      Array [
        Object {
          "padding": 8,
        },
        undefined,
      ],
    ]
  }
>
  <View
    style={
      Object {
        "flexDirection": "row",
      }
    }
  >
    <View
      style={
        Array [
          Object {
            "marginVertical": 6,
            "paddingLeft": 8,
          },
          Object {
            "flex": 1,
            "justifyContent": "center",
          },
        ]
      }
    >
      <Text
        numberOfLines={1}
        style={
          Array [
            Object {
              "color": "#000000",
              "fontFamily": "System",
              "fontWeight": "400",
              "textAlign": "left",
            },
            Array [
              Object {
                "fontSize": 16,
              },
              Object {
                "color": "rgba(0, 0, 0, 0.87)",
              },
              undefined,
            ],
          ]
        }
      >
        List Item with custom description
      </Text>
      <View>
        <Text
          numberOfLines={2}
          style={
            Object {
              "color": "rgba(0, 0, 0, 0.54)",
              "fontSize": 14,
            }
          }
        >
          React Native Paper is a high-quality, standard-compliant Design Design library that has you covered in all major use-cases.
        </Text>
        <View>
          <View
            style={
              Object {
                "backgroundColor": "#ebebeb",
                "borderColor": "#ebebeb",
                "borderRadius": 16,
                "borderStyle": "solid",
                "borderWidth": 0.5,
                "elevation": 0,
              }
            }
          >
            <View
              accessibilityRole="button"
              accessibilityStates={Array []}
              accessible={true}
              focusable={true}
              isTVSelectable={true}
              onClick={[Function]}
              onResponderGrant={[Function]}
              onResponderMove={[Function]}
              onResponderRelease={[Function]}
              onResponderTerminate={[Function]}
              onResponderTerminationRequest={[Function]}
              onStartShouldSetResponder={[Function]}
              style={
                Array [
                  Object {
                    "overflow": "hidden",
                  },
                  Object {
                    "borderRadius": 16,
                  },
                ]
              }
            >
              <View
                style={
                  Object {
                    "alignItems": "center",
                    "flexDirection": "row",
                    "paddingHorizontal": 4,
                  }
                }
              >
                <View
                  style={
                    Array [
                      Object {
                        "padding": 4,
                      },
                      null,
                    ]
                  }
                >
                  <Text
                    accessibilityElementsHidden={true}
                    allowFontScaling={false}
                    importantForAccessibility="no-hide-descendants"
                    pointerEvents="none"
                    style={
                      Array [
                        Object {
                          "color": "rgba(0, 0, 0, 0.54)",
                          "fontSize": 18,
                        },
                        Array [
                          Object {
                            "transform": Array [
                              Object {
                                "scaleX": 1,
                              },
                            ],
                          },
                          Object {
                            "backgroundColor": "transparent",
                          },
                        ],
                        Object {
                          "fontFamily": "Material Design Icons",
                          "fontStyle": "normal",
                          "fontWeight": "normal",
                        },
                        Object {},
                      ]
                    }
                  >
                    ïˆ¥
                  </Text>
                </View>
                <Text
                  numberOfLines={1}
                  style={
                    Array [
                      Object {
                        "color": "#000000",
                        "fontFamily": "System",
                        "fontWeight": "400",
                        "textAlign": "left",
                      },
                      Array [
                        Object {
                          "lineHeight": 24,
                          "marginVertical": 4,
                          "minHeight": 24,
                          "textAlignVertical": "center",
                        },
                        Object {
                          "color": "rgba(0, 0, 0, 0.87)",
                          "fontFamily": "System",
                          "fontWeight": "400",
                          "marginLeft": 4,
                          "marginRight": 8,
                        },
                        undefined,
                      ],
                    ]
                  }
                >
                  DOCS.pdf
                </Text>
              </View>
            </View>
          </View>
        </View>
      </View>
    </View>
  </View>
</View>
`;

exports[`renders list item with custom title and description styles 1`] = `
<View
  accessible={true}
  focusable={false}
  isTVSelectable={true}
  onClick={[Function]}
  onResponderGrant={[Function]}
  onResponderMove={[Function]}
  onResponderRelease={[Function]}
  onResponderTerminate={[Function]}
  onResponderTerminationRequest={[Function]}
  onStartShouldSetResponder={[Function]}
  style={
    Array [
      false,
      Array [
        Object {
          "padding": 8,
        },
        undefined,
      ],
    ]
  }
>
  <View
    style={
      Object {
        "flexDirection": "row",
      }
    }
  >
    <View
      style={
        Array [
          Object {
            "marginVertical": 6,
            "paddingLeft": 8,
          },
          Object {
            "flex": 1,
            "justifyContent": "center",
          },
        ]
      }
    >
      <Text
        numberOfLines={1}
        style={
          Array [
            Object {
              "color": "#000000",
              "fontFamily": "System",
              "fontWeight": "400",
              "textAlign": "left",
            },
            Array [
              Object {
                "fontSize": 16,
              },
              Object {
                "color": "rgba(0, 0, 0, 0.87)",
              },
              Object {
                "fontSize": 20,
              },
            ],
          ]
        }
      >
        First Item
      </Text>
      <Text
        numberOfLines={2}
        style={
          Array [
            Object {
              "color": "#000000",
              "fontFamily": "System",
              "fontWeight": "400",
              "textAlign": "left",
            },
            Array [
              Object {
                "fontSize": 14,
              },
              Object {
                "color": "rgba(0, 0, 0, 0.54)",
              },
              Object {
                "color": "red",
              },
            ],
          ]
        }
      >
        Item description
      </Text>
    </View>
  </View>
</View>
`;

exports[`renders list item with left and right items 1`] = `
<View
  accessible={true}
  focusable={false}
  isTVSelectable={true}
  onClick={[Function]}
  onResponderGrant={[Function]}
  onResponderMove={[Function]}
  onResponderRelease={[Function]}
  onResponderTerminate={[Function]}
  onResponderTerminationRequest={[Function]}
  onStartShouldSetResponder={[Function]}
  style={
    Array [
      false,
      Array [
        Object {
          "padding": 8,
        },
        undefined,
      ],
    ]
  }
>
  <View
    style={
      Object {
        "flexDirection": "row",
      }
    }
  >
    <Text>
      GG
    </Text>
    <View
      style={
        Array [
          Object {
            "marginVertical": 6,
            "paddingLeft": 8,
          },
          Object {
            "flex": 1,
            "justifyContent": "center",
          },
        ]
      }
    >
      <Text
        numberOfLines={1}
        style={
          Array [
            Object {
              "color": "#000000",
              "fontFamily": "System",
              "fontWeight": "400",
              "textAlign": "left",
            },
            Array [
              Object {
                "fontSize": 16,
              },
              Object {
                "color": "rgba(0, 0, 0, 0.87)",
              },
              undefined,
            ],
          ]
        }
      >
        First Item
      </Text>
      <Text
        numberOfLines={2}
        style={
          Array [
            Object {
              "color": "#000000",
              "fontFamily": "System",
              "fontWeight": "400",
              "textAlign": "left",
            },
            Array [
              Object {
                "fontSize": 14,
              },
              Object {
                "color": "rgba(0, 0, 0, 0.54)",
              },
              undefined,
            ],
          ]
        }
      >
        Item description
      </Text>
    </View>
    <View
      pointerEvents="box-none"
      style={
        Array [
          Object {
            "alignItems": "center",
            "height": 40,
            "justifyContent": "center",
            "margin": 8,
            "width": 40,
          },
          Object {
            "marginRight": 0,
          },
        ]
      }
    >
      <Text
        accessibilityElementsHidden={true}
        allowFontScaling={false}
        importantForAccessibility="no-hide-descendants"
        pointerEvents="none"
        style={
          Array [
            Object {
              "color": "rgba(0, 0, 0, 0.54)",
              "fontSize": 24,
            },
            Array [
              Object {
                "transform": Array [
                  Object {
                    "scaleX": 1,
                  },
                ],
              },
              Object {
                "backgroundColor": "transparent",
              },
            ],
            Object {
              "fontFamily": "Material Design Icons",
              "fontStyle": "normal",
              "fontWeight": "normal",
            },
            Object {},
          ]
        }
      >
        ï‰‹
      </Text>
    </View>
  </View>
</View>
`;

exports[`renders list item with left item 1`] = `
<View
  accessible={true}
  focusable={false}
  isTVSelectable={true}
  onClick={[Function]}
  onResponderGrant={[Function]}
  onResponderMove={[Function]}
  onResponderRelease={[Function]}
  onResponderTerminate={[Function]}
  onResponderTerminationRequest={[Function]}
  onStartShouldSetResponder={[Function]}
  style={
    Array [
      false,
      Array [
        Object {
          "padding": 8,
        },
        undefined,
      ],
    ]
  }
>
  <View
    style={
      Object {
        "flexDirection": "row",
      }
    }
  >
    <View
      pointerEvents="box-none"
      style={
        Array [
          Object {
            "alignItems": "center",
            "height": 40,
            "justifyContent": "center",
            "margin": 8,
            "width": 40,
          },
          Object {
            "marginLeft": 0,
            "marginRight": 16,
            "marginVertical": 0,
          },
        ]
      }
    >
      <Text
        accessibilityElementsHidden={true}
        allowFontScaling={false}
        importantForAccessibility="no-hide-descendants"
        pointerEvents="none"
        style={
          Array [
            Object {
              "color": "rgba(0, 0, 0, 0.54)",
              "fontSize": 24,
            },
            Array [
              Object {
                "transform": Array [
                  Object {
                    "scaleX": 1,
                  },
                ],
              },
              Object {
                "backgroundColor": "transparent",
              },
            ],
            Object {
              "fontFamily": "Material Design Icons",
              "fontStyle": "normal",
              "fontWeight": "normal",
            },
            Object {},
          ]
        }
      >
        ï‰‹
      </Text>
    </View>
    <View
      style={
        Array [
          Object {
            "marginVertical": 6,
            "paddingLeft": 8,
          },
          Object {
            "flex": 1,
            "justifyContent": "center",
          },
        ]
      }
    >
      <Text
        numberOfLines={1}
        style={
          Array [
            Object {
              "color": "#000000",
              "fontFamily": "System",
              "fontWeight": "400",
              "textAlign": "left",
            },
            Array [
              Object {
                "fontSize": 16,
              },
              Object {
                "color": "rgba(0, 0, 0, 0.87)",
              },
              undefined,
            ],
          ]
        }
      >
        First Item
      </Text>
    </View>
  </View>
</View>
`;

exports[`renders list item with right item 1`] = `
<View
  accessible={true}
  focusable={false}
  isTVSelectable={true}
  onClick={[Function]}
  onResponderGrant={[Function]}
  onResponderMove={[Function]}
  onResponderRelease={[Function]}
  onResponderTerminate={[Function]}
  onResponderTerminationRequest={[Function]}
  onStartShouldSetResponder={[Function]}
  style={
    Array [
      false,
      Array [
        Object {
          "padding": 8,
        },
        undefined,
      ],
    ]
  }
>
  <View
    style={
      Object {
        "flexDirection": "row",
      }
    }
  >
    <View
      style={
        Array [
          Object {
            "marginVertical": 6,
            "paddingLeft": 8,
          },
          Object {
            "flex": 1,
            "justifyContent": "center",
          },
        ]
      }
    >
      <Text
        numberOfLines={1}
        style={
          Array [
            Object {
              "color": "#000000",
              "fontFamily": "System",
              "fontWeight": "400",
              "textAlign": "left",
            },
            Array [
              Object {
                "fontSize": 16,
              },
              Object {
                "color": "rgba(0, 0, 0, 0.87)",
              },
              undefined,
            ],
          ]
        }
      >
        First Item
      </Text>
    </View>
    <Text>
      GG
    </Text>
  </View>
</View>
`;

exports[`renders list item with title and description 1`] = `
<View
  accessible={true}
  focusable={false}
  isTVSelectable={true}
  onClick={[Function]}
  onResponderGrant={[Function]}
  onResponderMove={[Function]}
  onResponderRelease={[Function]}
  onResponderTerminate={[Function]}
  onResponderTerminationRequest={[Function]}
  onStartShouldSetResponder={[Function]}
  style={
    Array [
      false,
      Array [
        Object {
          "padding": 8,
        },
        undefined,
      ],
    ]
  }
>
  <View
    style={
      Object {
        "flexDirection": "row",
      }
    }
  >
    <View
      style={
        Array [
          Object {
            "marginVertical": 6,
            "paddingLeft": 8,
          },
          Object {
            "flex": 1,
            "justifyContent": "center",
          },
        ]
      }
    >
      <Text
        numberOfLines={1}
        style={
          Array [
            Object {
              "color": "#000000",
              "fontFamily": "System",
              "fontWeight": "400",
              "textAlign": "left",
            },
            Array [
              Object {
                "fontSize": 16,
              },
              Object {
                "color": "rgba(0, 0, 0, 0.87)",
              },
              undefined,
            ],
          ]
        }
      >
        First Item
      </Text>
      <Text
        numberOfLines={2}
        style={
          Array [
            Object {
              "color": "#000000",
              "fontFamily": "System",
              "fontWeight": "400",
              "textAlign": "left",
            },
            Array [
              Object {
                "fontSize": 14,
              },
              Object {
                "color": "rgba(0, 0, 0, 0.54)",
              },
              undefined,
            ],
          ]
        }
      >
        Description for first item
      </Text>
    </View>
  </View>
</View>
`;

exports[`renders with a description with typeof number 1`] = `
<View
  accessible={true}
  focusable={false}
  isTVSelectable={true}
  onClick={[Function]}
  onResponderGrant={[Function]}
  onResponderMove={[Function]}
  onResponderRelease={[Function]}
  onResponderTerminate={[Function]}
  onResponderTerminationRequest={[Function]}
  onStartShouldSetResponder={[Function]}
  style={
    Array [
      false,
      Array [
        Object {
          "padding": 8,
        },
        undefined,
      ],
    ]
  }
>
  <View
    style={
      Object {
        "flexDirection": "row",
      }
    }
  >
    <View
      style={
        Array [
          Object {
            "marginVertical": 6,
            "paddingLeft": 8,
          },
          Object {
            "flex": 1,
            "justifyContent": "center",
          },
        ]
      }
    >
      <Text
        numberOfLines={1}
        style={
          Array [
            Object {
              "color": "#000000",
              "fontFamily": "System",
              "fontWeight": "400",
              "textAlign": "left",
            },
            Array [
              Object {
                "fontSize": 16,
              },
              Object {
                "color": "rgba(0, 0, 0, 0.87)",
              },
              Object {
                "fontSize": 20,
              },
            ],
          ]
        }
      >
        First Item
      </Text>
      <Text
        numberOfLines={2}
        style={
          Array [
            Object {
              "color": "#000000",
              "fontFamily": "System",
              "fontWeight": "400",
              "textAlign": "left",
            },
            Array [
              Object {
                "fontSize": 14,
              },
              Object {
                "color": "rgba(0, 0, 0, 0.54)",
              },
              Object {
                "color": "red",
              },
            ],
          ]
        }
      >
        123
      </Text>
    </View>
  </View>
</View>
`;
