// Jest Snapshot v1, https://goo.gl/fbAQLP

exports[`renders list section with custom title style 1`] = `
<View
  style={
    Array [
      Object {
        "marginVertical": 8,
      },
      undefined,
    ]
  }
  theme={
    Object {
      "animation": Object {
        "scale": 1,
      },
      "colors": Object {
        "accent": "#03dac4",
        "backdrop": "rgba(0, 0, 0, 0.5)",
        "background": "#f6f6f6",
        "disabled": "rgba(0, 0, 0, 0.26)",
        "error": "#B00020",
        "notification": "#f50057",
        "onBackground": "#000000",
        "onSurface": "#000000",
        "placeholder": "rgba(0, 0, 0, 0.54)",
        "primary": "#6200ee",
        "surface": "#ffffff",
        "text": "#000000",
      },
      "dark": false,
      "fonts": Object {
        "light": Object {
          "fontFamily": "System",
          "fontWeight": "300",
        },
        "medium": Object {
          "fontFamily": "System",
          "fontWeight": "500",
        },
        "regular": Object {
          "fontFamily": "System",
          "fontWeight": "400",
        },
        "thin": Object {
          "fontFamily": "System",
          "fontWeight": "100",
        },
      },
      "roundness": 4,
    }
  }
>
  <Text
    numberOfLines={1}
    style={
      Array [
        Object {
          "color": "#000000",
          "fontFamily": "System",
          "fontWeight": "400",
          "textAlign": "left",
        },
        Array [
          Object {
            "paddingHorizontal": 16,
            "paddingVertical": 13,
          },
          Object {
            "color": "rgba(0, 0, 0, 0.54)",
            "fontFamily": "System",
            "fontWeight": "500",
          },
          Object {
            "color": "red",
          },
        ],
      ]
    }
  >
    Some title
  </Text>
  <View
    accessible={true}
    focusable={false}
    isTVSelectable={true}
    onClick={[Function]}
    onResponderGrant={[Function]}
    onResponderMove={[Function]}
    onResponderRelease={[Function]}
    onResponderTerminate={[Function]}
    onResponderTerminationRequest={[Function]}
    onStartShouldSetResponder={[Function]}
    style={
      Array [
        false,
        Array [
          Object {
            "padding": 8,
          },
          undefined,
        ],
      ]
    }
  >
    <View
      style={
        Object {
          "flexDirection": "row",
        }
      }
    >
      <View
        pointerEvents="box-none"
        style={
          Array [
            Object {
              "alignItems": "center",
              "height": 40,
              "justifyContent": "center",
              "margin": 8,
              "width": 40,
            },
            Object {
              "marginLeft": 0,
              "marginRight": 16,
              "marginVertical": 0,
            },
          ]
        }
      >
        <Text
          accessibilityElementsHidden={true}
          allowFontScaling={false}
          importantForAccessibility="no-hide-descendants"
          pointerEvents="none"
          style={
            Array [
              Object {
                "color": "rgba(0, 0, 0, 0.54)",
                "fontSize": 24,
              },
              Array [
                Object {
                  "transform": Array [
                    Object {
                      "scaleX": 1,
                    },
                  ],
                },
                Object {
                  "backgroundColor": "transparent",
                },
              ],
              Object {
                "fontFamily": "Material Design Icons",
                "fontStyle": "normal",
                "fontWeight": "normal",
              },
              Object {},
            ]
          }
        >
          
        </Text>
      </View>
      <View
        style={
          Array [
            Object {
              "marginVertical": 6,
              "paddingLeft": 8,
            },
            Object {
              "flex": 1,
              "justifyContent": "center",
            },
          ]
        }
      >
        <Text
          numberOfLines={1}
          style={
            Array [
              Object {
                "color": "#000000",
                "fontFamily": "System",
                "fontWeight": "400",
                "textAlign": "left",
              },
              Array [
                Object {
                  "fontSize": 16,
                },
                Object {
                  "color": "rgba(0, 0, 0, 0.87)",
                },
                undefined,
              ],
            ]
          }
        >
          First Item
        </Text>
      </View>
    </View>
  </View>
  <View
    accessible={true}
    focusable={false}
    isTVSelectable={true}
    onClick={[Function]}
    onResponderGrant={[Function]}
    onResponderMove={[Function]}
    onResponderRelease={[Function]}
    onResponderTerminate={[Function]}
    onResponderTerminationRequest={[Function]}
    onStartShouldSetResponder={[Function]}
    style={
      Array [
        false,
        Array [
          Object {
            "padding": 8,
          },
          undefined,
        ],
      ]
    }
  >
    <View
      style={
        Object {
          "flexDirection": "row",
        }
      }
    >
      <View
        pointerEvents="box-none"
        style={
          Array [
            Object {
              "alignItems": "center",
              "height": 40,
              "justifyContent": "center",
              "margin": 8,
              "width": 40,
            },
            Object {
              "marginLeft": 0,
              "marginRight": 16,
              "marginVertical": 0,
            },
          ]
        }
      >
        <Text
          accessibilityElementsHidden={true}
          allowFontScaling={false}
          importantForAccessibility="no-hide-descendants"
          pointerEvents="none"
          style={
            Array [
              Object {
                "color": "rgba(0, 0, 0, 0.54)",
                "fontSize": 24,
              },
              Array [
                Object {
                  "transform": Array [
                    Object {
                      "scaleX": 1,
                    },
                  ],
                },
                Object {
                  "backgroundColor": "transparent",
                },
              ],
              Object {
                "fontFamily": "Material Design Icons",
                "fontStyle": "normal",
                "fontWeight": "normal",
              },
              Object {},
            ]
          }
        >
          
        </Text>
      </View>
      <View
        style={
          Array [
            Object {
              "marginVertical": 6,
              "paddingLeft": 8,
            },
            Object {
              "flex": 1,
              "justifyContent": "center",
            },
          ]
        }
      >
        <Text
          numberOfLines={1}
          style={
            Array [
              Object {
                "color": "#000000",
                "fontFamily": "System",
                "fontWeight": "400",
                "textAlign": "left",
              },
              Array [
                Object {
                  "fontSize": 16,
                },
                Object {
                  "color": "rgba(0, 0, 0, 0.87)",
                },
                undefined,
              ],
            ]
          }
        >
          Second Item
        </Text>
      </View>
    </View>
  </View>
</View>
`;

exports[`renders list section with subheader 1`] = `
<View
  style={
    Array [
      Object {
        "marginVertical": 8,
      },
      undefined,
    ]
  }
  theme={
    Object {
      "animation": Object {
        "scale": 1,
      },
      "colors": Object {
        "accent": "#03dac4",
        "backdrop": "rgba(0, 0, 0, 0.5)",
        "background": "#f6f6f6",
        "disabled": "rgba(0, 0, 0, 0.26)",
        "error": "#B00020",
        "notification": "#f50057",
        "onBackground": "#000000",
        "onSurface": "#000000",
        "placeholder": "rgba(0, 0, 0, 0.54)",
        "primary": "#6200ee",
        "surface": "#ffffff",
        "text": "#000000",
      },
      "dark": false,
      "fonts": Object {
        "light": Object {
          "fontFamily": "System",
          "fontWeight": "300",
        },
        "medium": Object {
          "fontFamily": "System",
          "fontWeight": "500",
        },
        "regular": Object {
          "fontFamily": "System",
          "fontWeight": "400",
        },
        "thin": Object {
          "fontFamily": "System",
          "fontWeight": "100",
        },
      },
      "roundness": 4,
    }
  }
>
  <Text
    numberOfLines={1}
    style={
      Array [
        Object {
          "color": "#000000",
          "fontFamily": "System",
          "fontWeight": "400",
          "textAlign": "left",
        },
        Array [
          Object {
            "paddingHorizontal": 16,
            "paddingVertical": 13,
          },
          Object {
            "color": "rgba(0, 0, 0, 0.54)",
            "fontFamily": "System",
            "fontWeight": "500",
          },
          undefined,
        ],
      ]
    }
  >
    Some title
  </Text>
  <View
    accessible={true}
    focusable={false}
    isTVSelectable={true}
    onClick={[Function]}
    onResponderGrant={[Function]}
    onResponderMove={[Function]}
    onResponderRelease={[Function]}
    onResponderTerminate={[Function]}
    onResponderTerminationRequest={[Function]}
    onStartShouldSetResponder={[Function]}
    style={
      Array [
        false,
        Array [
          Object {
            "padding": 8,
          },
          undefined,
        ],
      ]
    }
  >
    <View
      style={
        Object {
          "flexDirection": "row",
        }
      }
    >
      <View
        pointerEvents="box-none"
        style={
          Array [
            Object {
              "alignItems": "center",
              "height": 40,
              "justifyContent": "center",
              "margin": 8,
              "width": 40,
            },
            Object {
              "marginLeft": 0,
              "marginRight": 16,
              "marginVertical": 0,
            },
          ]
        }
      >
        <Text
          accessibilityElementsHidden={true}
          allowFontScaling={false}
          importantForAccessibility="no-hide-descendants"
          pointerEvents="none"
          style={
            Array [
              Object {
                "color": "rgba(0, 0, 0, 0.54)",
                "fontSize": 24,
              },
              Array [
                Object {
                  "transform": Array [
                    Object {
                      "scaleX": 1,
                    },
                  ],
                },
                Object {
                  "backgroundColor": "transparent",
                },
              ],
              Object {
                "fontFamily": "Material Design Icons",
                "fontStyle": "normal",
                "fontWeight": "normal",
              },
              Object {},
            ]
          }
        >
          
        </Text>
      </View>
      <View
        style={
          Array [
            Object {
              "marginVertical": 6,
              "paddingLeft": 8,
            },
            Object {
              "flex": 1,
              "justifyContent": "center",
            },
          ]
        }
      >
        <Text
          numberOfLines={1}
          style={
            Array [
              Object {
                "color": "#000000",
                "fontFamily": "System",
                "fontWeight": "400",
                "textAlign": "left",
              },
              Array [
                Object {
                  "fontSize": 16,
                },
                Object {
                  "color": "rgba(0, 0, 0, 0.87)",
                },
                undefined,
              ],
            ]
          }
        >
          First Item
        </Text>
      </View>
    </View>
  </View>
  <View
    accessible={true}
    focusable={false}
    isTVSelectable={true}
    onClick={[Function]}
    onResponderGrant={[Function]}
    onResponderMove={[Function]}
    onResponderRelease={[Function]}
    onResponderTerminate={[Function]}
    onResponderTerminationRequest={[Function]}
    onStartShouldSetResponder={[Function]}
    style={
      Array [
        false,
        Array [
          Object {
            "padding": 8,
          },
          undefined,
        ],
      ]
    }
  >
    <View
      style={
        Object {
          "flexDirection": "row",
        }
      }
    >
      <View
        pointerEvents="box-none"
        style={
          Array [
            Object {
              "alignItems": "center",
              "height": 40,
              "justifyContent": "center",
              "margin": 8,
              "width": 40,
            },
            Object {
              "marginLeft": 0,
              "marginRight": 16,
              "marginVertical": 0,
            },
          ]
        }
      >
        <Text
          accessibilityElementsHidden={true}
          allowFontScaling={false}
          importantForAccessibility="no-hide-descendants"
          pointerEvents="none"
          style={
            Array [
              Object {
                "color": "rgba(0, 0, 0, 0.54)",
                "fontSize": 24,
              },
              Array [
                Object {
                  "transform": Array [
                    Object {
                      "scaleX": 1,
                    },
                  ],
                },
                Object {
                  "backgroundColor": "transparent",
                },
              ],
              Object {
                "fontFamily": "Material Design Icons",
                "fontStyle": "normal",
                "fontWeight": "normal",
              },
              Object {},
            ]
          }
        >
          
        </Text>
      </View>
      <View
        style={
          Array [
            Object {
              "marginVertical": 6,
              "paddingLeft": 8,
            },
            Object {
              "flex": 1,
              "justifyContent": "center",
            },
          ]
        }
      >
        <Text
          numberOfLines={1}
          style={
            Array [
              Object {
                "color": "#000000",
                "fontFamily": "System",
                "fontWeight": "400",
                "textAlign": "left",
              },
              Array [
                Object {
                  "fontSize": 16,
                },
                Object {
                  "color": "rgba(0, 0, 0, 0.87)",
                },
                undefined,
              ],
            ]
          }
        >
          Second Item
        </Text>
      </View>
    </View>
  </View>
</View>
`;

exports[`renders list section without subheader 1`] = `
<View
  style={
    Array [
      Object {
        "marginVertical": 8,
      },
      undefined,
    ]
  }
  theme={
    Object {
      "animation": Object {
        "scale": 1,
      },
      "colors": Object {
        "accent": "#03dac4",
        "backdrop": "rgba(0, 0, 0, 0.5)",
        "background": "#f6f6f6",
        "disabled": "rgba(0, 0, 0, 0.26)",
        "error": "#B00020",
        "notification": "#f50057",
        "onBackground": "#000000",
        "onSurface": "#000000",
        "placeholder": "rgba(0, 0, 0, 0.54)",
        "primary": "#6200ee",
        "surface": "#ffffff",
        "text": "#000000",
      },
      "dark": false,
      "fonts": Object {
        "light": Object {
          "fontFamily": "System",
          "fontWeight": "300",
        },
        "medium": Object {
          "fontFamily": "System",
          "fontWeight": "500",
        },
        "regular": Object {
          "fontFamily": "System",
          "fontWeight": "400",
        },
        "thin": Object {
          "fontFamily": "System",
          "fontWeight": "100",
        },
      },
      "roundness": 4,
    }
  }
>
  <View
    accessible={true}
    focusable={false}
    isTVSelectable={true}
    onClick={[Function]}
    onResponderGrant={[Function]}
    onResponderMove={[Function]}
    onResponderRelease={[Function]}
    onResponderTerminate={[Function]}
    onResponderTerminationRequest={[Function]}
    onStartShouldSetResponder={[Function]}
    style={
      Array [
        false,
        Array [
          Object {
            "padding": 8,
          },
          undefined,
        ],
      ]
    }
  >
    <View
      style={
        Object {
          "flexDirection": "row",
        }
      }
    >
      <View
        pointerEvents="box-none"
        style={
          Array [
            Object {
              "alignItems": "center",
              "height": 40,
              "justifyContent": "center",
              "margin": 8,
              "width": 40,
            },
            Object {
              "marginLeft": 0,
              "marginRight": 16,
              "marginVertical": 0,
            },
          ]
        }
      >
        <Text
          accessibilityElementsHidden={true}
          allowFontScaling={false}
          importantForAccessibility="no-hide-descendants"
          pointerEvents="none"
          style={
            Array [
              Object {
                "color": "rgba(0, 0, 0, 0.54)",
                "fontSize": 24,
              },
              Array [
                Object {
                  "transform": Array [
                    Object {
                      "scaleX": 1,
                    },
                  ],
                },
                Object {
                  "backgroundColor": "transparent",
                },
              ],
              Object {
                "fontFamily": "Material Design Icons",
                "fontStyle": "normal",
                "fontWeight": "normal",
              },
              Object {},
            ]
          }
        >
          
        </Text>
      </View>
      <View
        style={
          Array [
            Object {
              "marginVertical": 6,
              "paddingLeft": 8,
            },
            Object {
              "flex": 1,
              "justifyContent": "center",
            },
          ]
        }
      >
        <Text
          numberOfLines={1}
          style={
            Array [
              Object {
                "color": "#000000",
                "fontFamily": "System",
                "fontWeight": "400",
                "textAlign": "left",
              },
              Array [
                Object {
                  "fontSize": 16,
                },
                Object {
                  "color": "rgba(0, 0, 0, 0.87)",
                },
                undefined,
              ],
            ]
          }
        >
          First Item
        </Text>
      </View>
    </View>
  </View>
  <View
    accessible={true}
    focusable={false}
    isTVSelectable={true}
    onClick={[Function]}
    onResponderGrant={[Function]}
    onResponderMove={[Function]}
    onResponderRelease={[Function]}
    onResponderTerminate={[Function]}
    onResponderTerminationRequest={[Function]}
    onStartShouldSetResponder={[Function]}
    style={
      Array [
        false,
        Array [
          Object {
            "padding": 8,
          },
          undefined,
        ],
      ]
    }
  >
    <View
      style={
        Object {
          "flexDirection": "row",
        }
      }
    >
      <View
        pointerEvents="box-none"
        style={
          Array [
            Object {
              "alignItems": "center",
              "height": 40,
              "justifyContent": "center",
              "margin": 8,
              "width": 40,
            },
            Object {
              "marginLeft": 0,
              "marginRight": 16,
              "marginVertical": 0,
            },
          ]
        }
      >
        <Text
          accessibilityElementsHidden={true}
          allowFontScaling={false}
          importantForAccessibility="no-hide-descendants"
          pointerEvents="none"
          style={
            Array [
              Object {
                "color": "rgba(0, 0, 0, 0.54)",
                "fontSize": 24,
              },
              Array [
                Object {
                  "transform": Array [
                    Object {
                      "scaleX": 1,
                    },
                  ],
                },
                Object {
                  "backgroundColor": "transparent",
                },
              ],
              Object {
                "fontFamily": "Material Design Icons",
                "fontStyle": "normal",
                "fontWeight": "normal",
              },
              Object {},
            ]
          }
        >
          
        </Text>
      </View>
      <View
        style={
          Array [
            Object {
              "marginVertical": 6,
              "paddingLeft": 8,
            },
            Object {
              "flex": 1,
              "justifyContent": "center",
            },
          ]
        }
      >
        <Text
          numberOfLines={1}
          style={
            Array [
              Object {
                "color": "#000000",
                "fontFamily": "System",
                "fontWeight": "400",
                "textAlign": "left",
              },
              Array [
                Object {
                  "fontSize": 16,
                },
                Object {
                  "color": "rgba(0, 0, 0, 0.87)",
                },
                undefined,
              ],
            ]
          }
        >
          Second Item
        </Text>
      </View>
    </View>
  </View>
</View>
`;
