// Jest Snapshot v1, https://goo.gl/fbAQLP

exports[`renders with placeholder 1`] = `
<View
  style={
    Object {
      "alignItems": "center",
      "backgroundColor": "#ffffff",
      "borderRadius": 4,
      "elevation": 4,
      "flexDirection": "row",
      "shadowColor": "#000000",
      "shadowOffset": Object {
        "height": 3,
        "width": 0,
      },
      "shadowOpacity": 0.24,
      "shadowRadius": 4,
    }
  }
>
  <View
    accessibilityLabel="search"
    accessibilityRole="button"
    accessibilityStates={Array []}
    accessible={true}
    focusable={false}
    hitSlop={
      Object {
        "bottom": 6,
        "left": 6,
        "right": 6,
        "top": 6,
      }
    }
    isTVSelectable={true}
    onClick={[Function]}
    onResponderGrant={[Function]}
    onResponderMove={[Function]}
    onResponderRelease={[Function]}
    onResponderTerminate={[Function]}
    onResponderTerminationRequest={[Function]}
    onStartShouldSetResponder={[Function]}
    style={
      Array [
        Object {
          "overflow": "hidden",
        },
        Array [
          Object {
            "alignItems": "center",
            "justifyContent": "center",
            "margin": 6,
            "overflow": "hidden",
          },
          Object {
            "borderRadius": 18,
            "height": 36,
            "width": 36,
          },
          undefined,
          undefined,
        ],
      ]
    }
  >
    <View
      style={null}
    >
      <Text
        accessibilityElementsHidden={true}
        allowFontScaling={false}
        importantForAccessibility="no-hide-descendants"
        pointerEvents="none"
        style={
          Array [
            Object {
              "color": "rgba(0, 0, 0, 0.54)",
              "fontSize": 24,
            },
            Array [
              Object {
                "transform": Array [
                  Object {
                    "scaleX": 1,
                  },
                ],
              },
              Object {
                "backgroundColor": "transparent",
              },
            ],
            Object {
              "fontFamily": "Material Design Icons",
              "fontStyle": "normal",
              "fontWeight": "normal",
            },
            Object {},
          ]
        }
      >
        
      </Text>
    </View>
  </View>
  <TextInput
    accessibilityRole="search"
    accessibilityTraits="search"
    allowFontScaling={true}
    keyboardAppearance="light"
    placeholder="Search"
    placeholderTextColor="rgba(0, 0, 0, 0.54)"
    rejectResponderTermination={true}
    returnKeyType="search"
    selectionColor="#6200ee"
    style={
      Array [
        Object {
          "alignSelf": "stretch",
          "flex": 1,
          "fontSize": 18,
          "minWidth": 0,
          "paddingLeft": 8,
          "textAlign": "left",
        },
        Object {
          "color": "#000000",
          "fontFamily": "System",
          "fontWeight": "400",
        },
        undefined,
      ]
    }
    underlineColorAndroid="transparent"
  />
  <View
    accessibilityLabel="clear"
    accessibilityRole="button"
    accessibilityStates={
      Array [
        "disabled",
      ]
    }
    accessible={true}
    focusable={true}
    hitSlop={
      Object {
        "bottom": 6,
        "left": 6,
        "right": 6,
        "top": 6,
      }
    }
    isTVSelectable={true}
    onClick={[Function]}
    onResponderGrant={[Function]}
    onResponderMove={[Function]}
    onResponderRelease={[Function]}
    onResponderTerminate={[Function]}
    onResponderTerminationRequest={[Function]}
    onStartShouldSetResponder={[Function]}
    style={
      Array [
        Object {
          "overflow": "hidden",
        },
        Array [
          Object {
            "alignItems": "center",
            "justifyContent": "center",
            "margin": 6,
            "overflow": "hidden",
          },
          Object {
            "borderRadius": 18,
            "height": 36,
            "width": 36,
          },
          Object {
            "opacity": 0.32,
          },
          undefined,
        ],
      ]
    }
  >
    <View
      style={null}
    >
      <Text
        accessibilityElementsHidden={true}
        allowFontScaling={false}
        importantForAccessibility="no-hide-descendants"
        pointerEvents="none"
        style={
          Array [
            Object {
              "color": "rgba(255, 255, 255, 0)",
              "fontSize": 24,
            },
            Array [
              Object {
                "transform": Array [
                  Object {
                    "scaleX": 1,
                  },
                ],
              },
              Object {
                "backgroundColor": "transparent",
              },
            ],
            Object {
              "fontFamily": "Material Design Icons",
              "fontStyle": "normal",
              "fontWeight": "normal",
            },
            Object {},
          ]
        }
      >
        
      </Text>
    </View>
  </View>
</View>
`;

exports[`renders with text 1`] = `
<View
  style={
    Object {
      "alignItems": "center",
      "backgroundColor": "#ffffff",
      "borderRadius": 4,
      "elevation": 4,
      "flexDirection": "row",
      "shadowColor": "#000000",
      "shadowOffset": Object {
        "height": 3,
        "width": 0,
      },
      "shadowOpacity": 0.24,
      "shadowRadius": 4,
    }
  }
>
  <View
    accessibilityLabel="search"
    accessibilityRole="button"
    accessibilityStates={Array []}
    accessible={true}
    focusable={false}
    hitSlop={
      Object {
        "bottom": 6,
        "left": 6,
        "right": 6,
        "top": 6,
      }
    }
    isTVSelectable={true}
    onClick={[Function]}
    onResponderGrant={[Function]}
    onResponderMove={[Function]}
    onResponderRelease={[Function]}
    onResponderTerminate={[Function]}
    onResponderTerminationRequest={[Function]}
    onStartShouldSetResponder={[Function]}
    style={
      Array [
        Object {
          "overflow": "hidden",
        },
        Array [
          Object {
            "alignItems": "center",
            "justifyContent": "center",
            "margin": 6,
            "overflow": "hidden",
          },
          Object {
            "borderRadius": 18,
            "height": 36,
            "width": 36,
          },
          undefined,
          undefined,
        ],
      ]
    }
  >
    <View
      style={null}
    >
      <Text
        accessibilityElementsHidden={true}
        allowFontScaling={false}
        importantForAccessibility="no-hide-descendants"
        pointerEvents="none"
        style={
          Array [
            Object {
              "color": "rgba(0, 0, 0, 0.54)",
              "fontSize": 24,
            },
            Array [
              Object {
                "transform": Array [
                  Object {
                    "scaleX": 1,
                  },
                ],
              },
              Object {
                "backgroundColor": "transparent",
              },
            ],
            Object {
              "fontFamily": "Material Design Icons",
              "fontStyle": "normal",
              "fontWeight": "normal",
            },
            Object {},
          ]
        }
      >
        
      </Text>
    </View>
  </View>
  <TextInput
    accessibilityRole="search"
    accessibilityTraits="search"
    allowFontScaling={true}
    keyboardAppearance="light"
    placeholder="Search"
    placeholderTextColor="rgba(0, 0, 0, 0.54)"
    rejectResponderTermination={true}
    returnKeyType="search"
    selectionColor="#6200ee"
    style={
      Array [
        Object {
          "alignSelf": "stretch",
          "flex": 1,
          "fontSize": 18,
          "minWidth": 0,
          "paddingLeft": 8,
          "textAlign": "left",
        },
        Object {
          "color": "#000000",
          "fontFamily": "System",
          "fontWeight": "400",
        },
        undefined,
      ]
    }
    underlineColorAndroid="transparent"
    value="query"
  />
  <View
    accessibilityLabel="clear"
    accessibilityRole="button"
    accessibilityStates={Array []}
    accessible={true}
    focusable={true}
    hitSlop={
      Object {
        "bottom": 6,
        "left": 6,
        "right": 6,
        "top": 6,
      }
    }
    isTVSelectable={true}
    onClick={[Function]}
    onResponderGrant={[Function]}
    onResponderMove={[Function]}
    onResponderRelease={[Function]}
    onResponderTerminate={[Function]}
    onResponderTerminationRequest={[Function]}
    onStartShouldSetResponder={[Function]}
    style={
      Array [
        Object {
          "overflow": "hidden",
        },
        Array [
          Object {
            "alignItems": "center",
            "justifyContent": "center",
            "margin": 6,
            "overflow": "hidden",
          },
          Object {
            "borderRadius": 18,
            "height": 36,
            "width": 36,
          },
          false,
          undefined,
        ],
      ]
    }
  >
    <View
      style={null}
    >
      <Text
        accessibilityElementsHidden={true}
        allowFontScaling={false}
        importantForAccessibility="no-hide-descendants"
        pointerEvents="none"
        style={
          Array [
            Object {
              "color": "rgba(0, 0, 0, 0.54)",
              "fontSize": 24,
            },
            Array [
              Object {
                "transform": Array [
                  Object {
                    "scaleX": 1,
                  },
                ],
              },
              Object {
                "backgroundColor": "transparent",
              },
            ],
            Object {
              "fontFamily": "Material Design Icons",
              "fontStyle": "normal",
              "fontWeight": "normal",
            },
            Object {},
          ]
        }
      >
        
      </Text>
    </View>
  </View>
</View>
`;
